// Jest Snapshot v1, https://goo.gl/fbAQLP

exports[`matching a snapshot of Logout 1`] = `null`;
