// Jest Snapshot v1, https://goo.gl/fbAQLP

exports[`matching a snapshot of ProtectedRouteNotification 1`] = `
.c0.c0 {
  background: #a94442;
}

<center>
  <div
    className="MuiTypography-root-31 MuiTypography-body1-40 MuiPaper-root-4 MuiPaper-elevation6-12 MuiSnackbarContent-root-1 c0"
    role="alertdialog"
  >
    <div
      className="MuiSnackbarContent-message-2"
    />
  </div>
  <br />
</center>
`;
