// Jest Snapshot v1, https://goo.gl/fbAQLP

exports[`matching a snapshot of LinkList 1`] = `
<div
  className="sc-chPdSV kThylB"
>
  <ul />
</div>
`;
