// Jest Snapshot v1, https://goo.gl/fbAQLP

exports[`matching a snapshot of MyDsc 1`] = `
.c2 h1 {
  font-size: 62px;
  margin-top: 25px;
  margin-bottom: 25px;
  border-bottom: 1px solid #eee;
  text-align: center;
}

.c2 h2 {
  font-size: 32px;
  margin-top: 25px;
  margin-bottom: 25px;
  border-bottom: 1px solid #eee;
  text-align: center;
}

.c0 {
  padding-right: 15px;
  padding-left: 15px;
  margin-right: auto;
  margin-left: auto;
}

.c1 {
  padding: 8px 15px;
  margin-bottom: 20px;
  list-style: none;
  background-color: #f5f5f5;
  border-radius: 4px;
}

.c1 li {
  display: inline-block;
}

.c1 li + li:before {
  padding: 0 5px;
  color: #ccc;
  content: "/";
}

.c1:active {
  color: #777;
}

@media (min-width:768px) {
  .c0 {
    width: 750px;
  }
}

@media (min-width:992px) {
  .c0 {
    width: 970px;
  }
}

@media (min-width:1200px) {
  .c0 {
    width: 1170px;
  }
}

<div
  className="c0"
>
  <div
    className="sc-htpNat eDtRyC sc-bdVaJa iHZvIS"
    is={null}
  >
    <div
      className="gRrvFh"
      is={null}
    >
      <ol
        className="c1"
      >
        <li>
          <a
            href="/"
            onClick={[Function]}
          >
            Home
          </a>
        </li>
        <li>
          My DSC
        </li>
      </ol>
    </div>
    <div
      className="gRrvFh"
      is={null}
    >
      <div
        className="c2"
      >
        <h2>
          My DSC
        </h2>
      </div>
    </div>
    <div
      className="csVOHI"
      is={null}
    >
      <div
        className="gsdTnU"
        style={
          Object {
            "marginBottom": 0,
          }
        }
      >
        <div
          className="panel-body cgBkWQ"
          open={true}
          style={Object {}}
        >
          <div
            className="DRXhs"
          />
          <h1>
            <span
              aria-hidden={true}
              className="fa fa-user"
            />
             Personal Information
          </h1>
          <hr />
          <h3>
            Id: 
            999999
          </h3>
          <h3>
            Email: 
            janedoe@gmail.com
          </h3>
          <h3>
            Name: 
            Jane Doe
          </h3>
          <h3>
            Provider: 
          </h3>
          <div
            className="DRXhs"
          />
        </div>
      </div>
    </div>
  </div>
</div>
`;
