// Jest Snapshot v1, https://goo.gl/fbAQLP

exports[`matching a snapshot of TableLoader 1`] = `
<div
  style={
    Object {
      "width": "100%",
    }
  }
>
  <div
    className="sc-bxivhb bUZGRr sc-htpNat gReFkJ sc-bdVaJa iHZvIS"
    is={null}
  >
    <div
      className="sc-fcdeBU kRrYpB sc-ifAKCX cFlEyZ sc-bdVaJa iHZvIS"
      is={null}
    >
      <h1 />
      <span
        aria-hidden={true}
        className="fa fa-spinner fa-2x fa-pulse fa-fw"
      />
    </div>
  </div>
</div>
`;
