// Jest Snapshot v1, https://goo.gl/fbAQLP

exports[`matching a snapshot of Availability 1`] = `
<div
  className="sc-itybZL dYOfed"
>
  <h4>
    Strain & Plasmid Availability
  </h4>
</div>
`;
