// Jest Snapshot v1, https://goo.gl/fbAQLP

exports[`matching a snapshot of BrowserWarning 1`] = `<div />`;
