// Jest Snapshot v1, https://goo.gl/fbAQLP

exports[`matching a snapshot of Carousel 1`] = `
<figure>
  <img
    className="sc-bZQynM dnzfow"
    src="http://wiki.dictybase.org/dictywiki/images/c/cd/DG1100.jpg"
  />
  <figcaption>
    The mutant pictures shown here here have been provided by Bill Loomis. Many mutants are available at the DSC
  </figcaption>
</figure>
`;
