// Jest Snapshot v1, https://goo.gl/fbAQLP

exports[`matching a snapshot of Intro 1`] = `
<div
  className="sc-htpNat iZBBQa sc-bdVaJa iHZvIS"
  is={null}
>
  <div
    className="sc-bdVaJa eJiGdf"
    is={null}
  >
    <div
      className="react-loading-theme-0"
    >
      <span>
        <span
          className="react-loading-skeleton"
          style={
            Object {
              "animation": "progress 1.2s ease-in-out infinite",
            }
          }
        >
          ‌
        </span>
        <span
          className="react-loading-skeleton"
          style={
            Object {
              "animation": "progress 1.2s ease-in-out infinite",
            }
          }
        >
          ‌
        </span>
        <span
          className="react-loading-skeleton"
          style={
            Object {
              "animation": "progress 1.2s ease-in-out infinite",
            }
          }
        >
          ‌
        </span>
        <span
          className="react-loading-skeleton"
          style={
            Object {
              "animation": "progress 1.2s ease-in-out infinite",
            }
          }
        >
          ‌
        </span>
        <span
          className="react-loading-skeleton"
          style={
            Object {
              "animation": "progress 1.2s ease-in-out infinite",
            }
          }
        >
          ‌
        </span>
      </span>
      <br />
      <br />
    </div>
  </div>
</div>
`;
