// Jest Snapshot v1, https://goo.gl/fbAQLP

exports[`matching a snapshot of StandardOperatingProcedures 1`] = `
<div
  className="sc-jzJRlG itJXei"
>
  <a
    href="https://northwestern.box.com/s/p0f8m70whgiuib2u0wt8gtn497ncmq8i"
    rel="noopener noreferrer"
    target="_blank"
  >
    Standard Operating Procedures
  </a>
  Â 
  <span
    aria-hidden={true}
    className="fa fa-file-pdf-o"
  />
</div>
`;
