// Jest Snapshot v1, https://goo.gl/fbAQLP

exports[`matching a snapshot of Personal 1`] = `
<div>
  <div
    className="sc-kLIISr itrVsn"
  >
    <div
      className="sc-bxivhb bUZGRr sc-htpNat eDtRyC sc-bdVaJa iHZvIS"
      is={null}
    >
      <div
        className="sc-ifAKCX cFlEyZ sc-bdVaJa iplmxF"
        is={null}
      >
        <label
          className="sc-dliRfk eLcvEu"
        >
          <span
            className="sc-hmXxxW fwNEuV"
          >
            * 
          </span>
          First Name:
        </label>
      </div>
      <div
        className="sc-ifAKCX cFlEyZ sc-bdVaJa cvzxNy"
        is={null}
      >
        <input
          className="sc-qrIAp hbjCtO"
          placeholder={undefined}
          type="text"
          value="Jane"
        />
      </div>
    </div>
  </div>
  <div
    className="sc-kLIISr itrVsn"
  >
    <div
      className="sc-bxivhb bUZGRr sc-htpNat eDtRyC sc-bdVaJa iHZvIS"
      is={null}
    >
      <div
        className="sc-ifAKCX cFlEyZ sc-bdVaJa iplmxF"
        is={null}
      >
        <label
          className="sc-dliRfk eLcvEu"
        >
          <span
            className="sc-hmXxxW fwNEuV"
          >
            * 
          </span>
          Last Name:
        </label>
      </div>
      <div
        className="sc-ifAKCX cFlEyZ sc-bdVaJa cvzxNy"
        is={null}
      >
        <input
          className="sc-qrIAp hbjCtO"
          placeholder={undefined}
          type="text"
          value="Doe"
        />
      </div>
    </div>
  </div>
  <div
    className="sc-kLIISr itrVsn"
  >
    <div
      className="sc-bxivhb bUZGRr sc-htpNat eDtRyC sc-bdVaJa iHZvIS"
      is={null}
    >
      <div
        className="sc-ifAKCX cFlEyZ sc-bdVaJa iplmxF"
        is={null}
      >
        <label
          className="sc-dliRfk eLcvEu"
        >
          <span
            className="sc-hmXxxW fwNEuV"
          >
            * 
          </span>
          Email:
        </label>
      </div>
      <div
        className="sc-ifAKCX cFlEyZ sc-bdVaJa cvzxNy"
        is={null}
      >
        <input
          className="sc-qrIAp hbjCtO"
          placeholder={undefined}
          type="text"
          value="janedoe@gmail.com"
        />
      </div>
    </div>
  </div>
</div>
`;
