// Jest Snapshot v1, https://goo.gl/fbAQLP

exports[`matching a snapshot of ShippingMethod 1`] = `
.c0 {
  margin-top: 5px;
  border: 1px solid;
  box-shadow: 0 1px 1px rgba(0,0,0,0.05);
  font-size: 14px;
  line-height: 1.4285714;
  color: #333;
  border-radius: 4px;
  font-family: Helvetica Neue,Helvetica,Arial,sans-serif;
}

.c1 {
  background-color: #15317e;
  border-color: #ddd;
  padding: 10px 15px;
  border-top-left-radius: 3px;
  border-top-right-radius: 3px;
  font-family: Helvetica Neue,Helvetica,Arial,sans-serif;
  font-size: 14px;
  line-height: 1.42857143;
  cursor: pointer;
}

.c2 {
  margin-top: 0;
  margin-bottom: 0;
  font-size: 16px;
  color: white;
  font-family: inherit;
  font-weight: 500;
  line-height: 1.1;
}

.c3 {
  background-color: transparent;
  color: white;
  cursor: pointer;
}

.c4 {
  padding: 0px 15px;
  font-family: Helvetica Neue,Helvetica,Arial,sans-serif;
  font-size: 14px;
  line-height: 1.42857143;
  border-top: 1px solid;
  border-top-width: 1px;
  -webkit-transition: height 600ms cubic-bezier(0.23,1,0.32,1),border-top-width 400ms cubic-bezier(0.23,1,0.32,1);
  transition: height 600ms cubic-bezier(0.23,1,0.32,1),border-top-width 400ms cubic-bezier(0.23,1,0.32,1);
  height: auto;
  overflow: hidden;
}

.c5 {
  height: 15px;
}

.c7 {
  display: inline-block;
  padding-top: 7px;
  margin-bottom: 0;
  text-align: right;
  font-weight: 600;
}

.c6 {
  margin-right: -15px;
  margin-left: -15px;
}

.c10 {
  display: block;
  width: 100%;
  height: 34px;
  padding: 6px 12px;
  font-size: 14px;
  line-height: 1.42857143;
  color: #555;
  background-color: #fff;
  background-image: none;
  border: 1px solid #ccc;
  border-radius: 4px;
  -webkit-box-shadow: inset 0 1px 1px rgba(0,0,0,0.075);
  box-shadow: inset 0 1px 1px rgba(0,0,0,0.075);
  -webkit-transition: border-color ease-in-out 0.15s, -webkit-box-shadow ease-in-out 0.15s;
  -o-transition: border-color ease-in-out 0.15s,box-shadow ease-in-out 0.15s;
  -webkit-transition: border-color ease-in-out 0.15s,box-shadow ease-in-out 0.15s;
  transition: border-color ease-in-out 0.15s,box-shadow ease-in-out 0.15s;
}

.c10:focus {
  border-color: #66afe9;
  outline: 0;
  -webkit-box-shadow: inset 0 1px 1px rgba(0,0,0,0.075), 0 0 8px rgba(102,175,233,0.6);
  box-shadow: inset 0 1px 1px rgba(0,0,0,0.075), 0 0 8px rgba(102,175,233,0.6);
}

.c9 {
  position: relative;
  display: inline-block;
  padding-right: 20px;
  margin-bottom: 0;
  font-weight: normal;
  vertical-align: middle;
  cursor: pointer;
}

.c8 {
  color: #dc3545;
}

<div
  className="c0"
  style={
    Object {
      "border": "1px solid #D2D7D3",
      "marginBottom": 0,
    }
  }
>
  <div
    className="c1"
    onClick={[Function]}
    style={
      Object {
        "backgroundColor": "#337ab7",
        "borderBottom": "0px none #ddd",
        "borderColor": "#4B77BE",
        "padding": "20px",
      }
    }
  >
    <h3
      className="c2"
      style={
        Object {
          "color": "#ffffff",
          "fontSize": "20px",
          "fontWeight": "200",
        }
      }
    >
      <div
        className="c3"
        onClick={[Function]}
      >
        Method
      </div>
    </h3>
  </div>
  <div
    className="panel-body c4"
    open={true}
    style={Object {}}
  >
    <div
      className="c5"
    />
    <div
      className="c6"
    >
      <div
        className="eDtRyC sc-bdVaJa iHZvIS"
        is={null}
      >
        <div
          className="sc-bdVaJa cyncUw"
          is={null}
        >
          <label
            className="c7"
          >
            <span
              className="c8"
            >
              * 
            </span>
            Shipping Account:
          </label>
        </div>
        <div
          className="sc-bdVaJa XupaC"
          is={null}
        >
          <label
            className="c9"
          >
            <input
              checked={true}
              touched={true}
              type="radio"
              value="Fedex"
            />
              FedEx
          </label>
          <label
            className="c9"
          >
            <input
              checked={false}
              touched={true}
              type="radio"
              value="UPS"
            />
              UPS
          </label>
          <label
            className="c9"
          >
            <input
              checked={false}
              touched={true}
              type="radio"
              value="DHL"
            />
              DHL
          </label>
          <label
            className="c9"
          >
            <input
              checked={false}
              touched={true}
              type="radio"
              value="Will call 1-312-503-4169"
            />
              Call in Credit card # for FedEx Waybill 1-312-503-4169
          </label>
        </div>
      </div>
      <div
        className="c6"
      >
        <div
          className="eDtRyC sc-bdVaJa iHZvIS"
          is={null}
        >
          <div
            className="sc-bdVaJa cyncUw"
            is={null}
          />
          <div
            className="sc-bdVaJa cjDWjg"
            is={null}
          >
            <input
              className="c10"
              placeholder="Shipping Account Number"
              value=""
            />
          </div>
        </div>
      </div>
    </div>
    <div
      className="c5"
    />
  </div>
</div>
`;
