// Jest Snapshot v1, https://goo.gl/fbAQLP

exports[`matching a snapshot of Submit 1`] = `
<div
  className="sc-bxivhb bUZGRr sc-htpNat eDtRyC sc-bdVaJa iHZvIS"
  is={null}
>
  <div
    className="sc-ifAKCX cFlEyZ sc-bdVaJa dEKHPo"
    is={null}
  >
    <div
      className="sc-TFwJa daqYjB"
    >
      <h2>
        Review Your Order
      </h2>
      <p>
         
        Please review your order and click "Complete Your Order" button to place your order
      </p>
    </div>
  </div>
  <div
    className="sc-ifAKCX cFlEyZ sc-bdVaJa foxScs"
    is={null}
  >
    <div
      className="sc-bxivhb bUZGRr sc-htpNat eDtRyC sc-bdVaJa iHZvIS"
      is={null}
    >
      <div
        className="sc-ifAKCX cFlEyZ sc-bdVaJa vDLMO"
        is={null}
      >
        <div
          className="gsdTnU"
          style={
            Object {
              "marginBottom": 0,
            }
          }
        >
          <div
            className="panel-body cgBkWQ"
            open={true}
            style={Object {}}
          >
            <div
              className="DRXhs"
            />
            <div>
              <h4>
                <span
                  aria-hidden={true}
                  className="fa fa-truck"
                />
                 Ship to:
              </h4>
              <div>
                Jane
                 
              </div>
              <div />
              <div />
              <div>
                 
                 
              </div>
              <div />
              <br />
              <div>
                <a
                  className="sc-giadOv kWtcoa"
                  onClick={[Function]}
                >
                  <span
                    aria-hidden={true}
                    className="fa fa-pencil-square-o"
                  />
                   Edit shipping info
                </a>
              </div>
            </div>
            <div
              className="DRXhs"
            />
          </div>
        </div>
      </div>
      <div
        className="sc-ifAKCX cFlEyZ sc-bdVaJa vDLMO"
        is={null}
      >
        <div
          className="gsdTnU"
          style={
            Object {
              "marginBottom": 0,
            }
          }
        >
          <div
            className="panel-body cgBkWQ"
            open={true}
            style={Object {}}
          >
            <div
              className="DRXhs"
            />
            <div>
              <h4>
                <span
                  aria-hidden={true}
                  className="fa fa-credit-card-alt"
                />
                 Payer:
              </h4>
              <div>
                John
                 
              </div>
              <div />
              <div />
              <div>
                 
                 
              </div>
              <div />
              <br />
              <div>
                <a
                  className="sc-giadOv kWtcoa"
                  onClick={[Function]}
                >
                  <span
                    aria-hidden={true}
                    className="fa fa-pencil-square-o"
                  />
                   Edit shipping info
                </a>
              </div>
            </div>
            <div
              className="DRXhs"
            />
          </div>
        </div>
      </div>
    </div>
    <hr />
    <div
      className="sc-bxivhb bUZGRr sc-htpNat eDtRyC sc-bdVaJa iHZvIS"
      is={null}
    >
      <div
        className="sc-ifAKCX cFlEyZ sc-bdVaJa fiWxJc"
        is={null}
      >
        <div
          className="gsdTnU"
          style={
            Object {
              "marginBottom": 0,
            }
          }
        >
          <div
            className="panel-body cgBkWQ"
            open={true}
            style={Object {}}
          >
            <div
              className="DRXhs"
            />
            <h4>
              <span
                aria-hidden={true}
                className="fa fa-shopping-cart"
              />
               Items
            </h4>
            <div>
              <div
                className="sc-bxivhb bUZGRr sc-htpNat jtWIOA sc-bdVaJa iHZvIS"
                is={null}
              >
                <div
                  className="sc-ifAKCX cFlEyZ sc-bdVaJa goNVXm"
                  is={null}
                >
                  <h5>
                    ID
                  </h5>
                </div>
                <div
                  className="sc-ifAKCX cFlEyZ sc-bdVaJa goNVXm"
                  is={null}
                >
                  <h5>
                    Strain/Plasmid Name
                  </h5>
                </div>
              </div>
              <div
                className="sc-bxivhb bUZGRr sc-htpNat jtWIOA sc-bdVaJa iHZvIS"
                is={null}
              >
                <div
                  className="sc-ifAKCX cFlEyZ sc-bdVaJa goNVXm"
                  is={null}
                />
                <div
                  className="sc-ifAKCX cFlEyZ sc-bdVaJa goNVXm"
                  is={null}
                />
              </div>
              <div
                className="sc-bxivhb bUZGRr sc-htpNat jtWIOA sc-bdVaJa iHZvIS"
                is={null}
              >
                <div
                  className="sc-ifAKCX cFlEyZ sc-bdVaJa goNVXm"
                  is={null}
                />
                <div
                  className="sc-ifAKCX cFlEyZ sc-bdVaJa goNVXm"
                  is={null}
                />
              </div>
            </div>
            <div
              className="DRXhs"
            />
          </div>
        </div>
      </div>
      <div
        className="sc-ifAKCX cFlEyZ sc-bdVaJa kIMTZA"
        is={null}
      >
        <hr />
        <button
          className="large block sc-kaNhvL jpxKph"
          onClick={undefined}
          type="button"
        >
          Complete Your Order 
          <span
            aria-hidden={true}
            className="fa fa-check-circle"
          />
        </button>
      </div>
    </div>
  </div>
</div>
`;
