// Jest Snapshot v1, https://goo.gl/fbAQLP

exports[`matching a snapshot of InfoPage/InfoPage 1`] = `
.c0 {
  padding-right: 15px;
  padding-left: 15px;
  margin-right: auto;
  margin-left: auto;
}

@media (min-width:768px) {
  .c0 {
    width: 750px;
  }
}

@media (min-width:992px) {
  .c0 {
    width: 970px;
  }
}

@media (min-width:1200px) {
  .c0 {
    width: 1170px;
  }
}

<div
  className="c0"
>
  <div
    className="sc-htpNat iZBBQa sc-bdVaJa iHZvIS"
    is={null}
  >
    <div
      className="gRrvFh"
      is={null}
    >
      <div
        className="react-loading-theme-2"
      >
        <span>
          <span
            className="react-loading-skeleton"
            style={
              Object {
                "animation": "progress 1.2s ease-in-out infinite",
              }
            }
          >
            ‌
          </span>
          <span
            className="react-loading-skeleton"
            style={
              Object {
                "animation": "progress 1.2s ease-in-out infinite",
              }
            }
          >
            ‌
          </span>
          <span
            className="react-loading-skeleton"
            style={
              Object {
                "animation": "progress 1.2s ease-in-out infinite",
              }
            }
          >
            ‌
          </span>
          <span
            className="react-loading-skeleton"
            style={
              Object {
                "animation": "progress 1.2s ease-in-out infinite",
              }
            }
          >
            ‌
          </span>
          <span
            className="react-loading-skeleton"
            style={
              Object {
                "animation": "progress 1.2s ease-in-out infinite",
              }
            }
          >
            ‌
          </span>
          <span
            className="react-loading-skeleton"
            style={
              Object {
                "animation": "progress 1.2s ease-in-out infinite",
              }
            }
          >
            ‌
          </span>
          <span
            className="react-loading-skeleton"
            style={
              Object {
                "animation": "progress 1.2s ease-in-out infinite",
              }
            }
          >
            ‌
          </span>
          <span
            className="react-loading-skeleton"
            style={
              Object {
                "animation": "progress 1.2s ease-in-out infinite",
              }
            }
          >
            ‌
          </span>
          <span
            className="react-loading-skeleton"
            style={
              Object {
                "animation": "progress 1.2s ease-in-out infinite",
              }
            }
          >
            ‌
          </span>
          <span
            className="react-loading-skeleton"
            style={
              Object {
                "animation": "progress 1.2s ease-in-out infinite",
              }
            }
          >
            ‌
          </span>
        </span>
        <br />
        <br />
        <span>
          <span
            className="react-loading-skeleton"
            style={
              Object {
                "animation": "progress 1.2s ease-in-out infinite",
              }
            }
          >
            ‌
          </span>
          <span
            className="react-loading-skeleton"
            style={
              Object {
                "animation": "progress 1.2s ease-in-out infinite",
              }
            }
          >
            ‌
          </span>
          <span
            className="react-loading-skeleton"
            style={
              Object {
                "animation": "progress 1.2s ease-in-out infinite",
              }
            }
          >
            ‌
          </span>
          <span
            className="react-loading-skeleton"
            style={
              Object {
                "animation": "progress 1.2s ease-in-out infinite",
              }
            }
          >
            ‌
          </span>
          <span
            className="react-loading-skeleton"
            style={
              Object {
                "animation": "progress 1.2s ease-in-out infinite",
              }
            }
          >
            ‌
          </span>
          <span
            className="react-loading-skeleton"
            style={
              Object {
                "animation": "progress 1.2s ease-in-out infinite",
              }
            }
          >
            ‌
          </span>
          <span
            className="react-loading-skeleton"
            style={
              Object {
                "animation": "progress 1.2s ease-in-out infinite",
              }
            }
          >
            ‌
          </span>
          <span
            className="react-loading-skeleton"
            style={
              Object {
                "animation": "progress 1.2s ease-in-out infinite",
              }
            }
          >
            ‌
          </span>
          <span
            className="react-loading-skeleton"
            style={
              Object {
                "animation": "progress 1.2s ease-in-out infinite",
              }
            }
          >
            ‌
          </span>
          <span
            className="react-loading-skeleton"
            style={
              Object {
                "animation": "progress 1.2s ease-in-out infinite",
              }
            }
          >
            ‌
          </span>
        </span>
        <br />
        <br />
        <span>
          <span
            className="react-loading-skeleton"
            style={
              Object {
                "animation": "progress 1.2s ease-in-out infinite",
              }
            }
          >
            ‌
          </span>
          <span
            className="react-loading-skeleton"
            style={
              Object {
                "animation": "progress 1.2s ease-in-out infinite",
              }
            }
          >
            ‌
          </span>
          <span
            className="react-loading-skeleton"
            style={
              Object {
                "animation": "progress 1.2s ease-in-out infinite",
              }
            }
          >
            ‌
          </span>
          <span
            className="react-loading-skeleton"
            style={
              Object {
                "animation": "progress 1.2s ease-in-out infinite",
              }
            }
          >
            ‌
          </span>
          <span
            className="react-loading-skeleton"
            style={
              Object {
                "animation": "progress 1.2s ease-in-out infinite",
              }
            }
          >
            ‌
          </span>
          <span
            className="react-loading-skeleton"
            style={
              Object {
                "animation": "progress 1.2s ease-in-out infinite",
              }
            }
          >
            ‌
          </span>
          <span
            className="react-loading-skeleton"
            style={
              Object {
                "animation": "progress 1.2s ease-in-out infinite",
              }
            }
          >
            ‌
          </span>
          <span
            className="react-loading-skeleton"
            style={
              Object {
                "animation": "progress 1.2s ease-in-out infinite",
              }
            }
          >
            ‌
          </span>
          <span
            className="react-loading-skeleton"
            style={
              Object {
                "animation": "progress 1.2s ease-in-out infinite",
              }
            }
          >
            ‌
          </span>
          <span
            className="react-loading-skeleton"
            style={
              Object {
                "animation": "progress 1.2s ease-in-out infinite",
              }
            }
          >
            ‌
          </span>
        </span>
        <br />
        <br />
        <span>
          <span
            className="react-loading-skeleton"
            style={
              Object {
                "animation": "progress 1.2s ease-in-out infinite",
              }
            }
          >
            ‌
          </span>
          <span
            className="react-loading-skeleton"
            style={
              Object {
                "animation": "progress 1.2s ease-in-out infinite",
              }
            }
          >
            ‌
          </span>
          <span
            className="react-loading-skeleton"
            style={
              Object {
                "animation": "progress 1.2s ease-in-out infinite",
              }
            }
          >
            ‌
          </span>
          <span
            className="react-loading-skeleton"
            style={
              Object {
                "animation": "progress 1.2s ease-in-out infinite",
              }
            }
          >
            ‌
          </span>
          <span
            className="react-loading-skeleton"
            style={
              Object {
                "animation": "progress 1.2s ease-in-out infinite",
              }
            }
          >
            ‌
          </span>
        </span>
      </div>
    </div>
  </div>
</div>
`;
